<html>
<body>
<pre>
<h1>µVision Build Log</h1>
<h2>Tool Versions:</h2>
IDE-Version: ¦ÌVision V5.41.0.0
Copyright (C) 2024 ARM Ltd and ARM Germany GmbH. All rights reserved.
License Information: S A, A, LIC=TIVNB-241KN-LQ90Q-NDW4L-RZ7PI-CLW52
 
Tool Versions:
Toolchain:       MDK-ARM Plus  Version: 5.41.0.0
Toolchain Path:  D:\Keil5_MDK\ARM\ARMCLANG\Bin
C Compiler:      ArmClang.exe V6.22
Assembler:       Armasm.exe V6.22
Linker/Locator:  ArmLink.exe V6.22
Library Manager: ArmAr.exe V6.22
Hex Converter:   FromElf.exe V6.22
CPU DLL:         SARMCM3.DLL V5.41.0.0
Dialog DLL:      DCM.DLL V1.17.5.0
Target DLL:      Segger\JL2CM3.dll V2.99.45.0
Dialog DLL:      TCM.DLL V1.56.4.0
 
<h2>Project:</h2>
D:\RM_related\RP_Source\2024_LJX\Projects\New_Sentinel_24\Down\MDK-ARM\rp_template_hal_v1.uvprojx
Project File Date:  11/09/2024

<h2>Output:</h2>
*** Using Compiler 'V6.22', folder: 'D:\Keil5_MDK\ARM\ARMCLANG\Bin'
Build target 'rp_template_hal_v1'
assembling startup_stm32f407xx.s...
compiling stm32f4xx_it.c...
compiling stm32f4xx_hal_rcc_ex.c...
compiling stm32f4xx_hal_msp.c...
compiling dma.c...
compiling gpio.c...
compiling freertos.c...
compiling stm32f4xx_hal_timebase_tim.c...
compiling i2c.c...
compiling iwdg.c...
compiling can.c...
compiling tim.c...
compiling main.c...
compiling usart.c...
compiling stm32f4xx_hal_rcc.c...
compiling stm32f4xx_hal_flash.c...
compiling stm32f4xx_hal_can.c...
compiling stm32f4xx_hal_gpio.c...
compiling stm32f4xx_hal_dma_ex.c...
compiling stm32f4xx_hal_dma.c...
compiling stm32f4xx_hal_flash_ex.c...
compiling stm32f4xx_hal_flash_ramfunc.c...
compiling stm32f4xx_hal_pwr_ex.c...
compiling stm32f4xx_hal_i2c_ex.c...
compiling stm32f4xx_hal_pwr.c...
compiling stm32f4xx_hal_iwdg.c...
compiling stm32f4xx_hal_exti.c...
compiling stm32f4xx_hal_cortex.c...
compiling stm32f4xx_hal.c...
compiling croutine.c...
compiling stm32f4xx_hal_tim_ex.c...
compiling list.c...
compiling system_stm32f4xx.c...
compiling stm32f4xx_hal_uart.c...
compiling event_groups.c...
compiling stream_buffer.c...
compiling queue.c...
compiling timers.c...
compiling heap_4.c...
compiling port.c...
compiling stm32f4xx_hal_tim.c...
compiling cmsis_os.c...
compiling driver.c...
compiling tasks.c...
compiling stm32f4xx_hal_i2c.c...
compiling drv_adda.c...
compiling drv_haltick.c...
compiling drv_io.c...
compiling drv_can.c...
compiling drv_tim.c...
compiling drv_uart.c...
compiling bmi2_common.c...
compiling bmi2_ois.c...
compiling bmi.c...
compiling bmi270.c...
compiling soft_iic.c...
compiling bmi270_context.c...
compiling rp_math.c...
compiling circular_buffer.c...
compiling rp_chassis.c...
compiling dji_pid.c...
compiling chassic_Task.c...
compiling rp_gimbal.c...
compiling master_Task.c...
compiling can_protocol.c...
compiling crc.c...
compiling gimbal_Task.c...
compiling vision.c...
compiling remote.c...
compiling navigation.c...
compiling 3508_motor.c...
compiling 6020_motor.c...
compiling 2006_motor.c...
compiling 9015_motor.c...
compiling rp_shoot.c...
compiling Car.c...
compiling Check_task.c...
compiling shoot_Task.c...
compiling cap.c...
compiling cap_protocol.c...
compiling judge.c...
compiling oled.c...
compiling bmi2.c...
linking...
Program Size: Code=32856 RO-data=1440 RW-data=276 ZI-data=22660  
FromELF: creating hex file...
"rp_template_hal_v1\rp_template_hal_v1.axf" - 0 Error(s), 0 Warning(s).

<h2>Software Packages used:</h2>

Package Vendor: ARM
                https://www.keil.com/pack/ARM.CMSIS.6.1.0.pack
                ARM::CMSIS@6.1.0
                CMSIS (Common Microcontroller Software Interface Standard)
   * Component: CORE Version: 6.1.0

Package Vendor: Keil
                https://www.keil.com/pack/Keil.STM32F4xx_DFP.2.17.1.pack
                Keil::STM32F4xx_DFP@2.17.1
                STMicroelectronics STM32F4 Series Device Support, Drivers and Examples

<h2>Collection of Component include folders:</h2>
  ./RTE/_rp_template_hal_v1
  D:/Keil5_MDK/ARM/PACK/ARM/CMSIS/6.1.0/CMSIS/Core/Include
  D:/Keil5_MDK/ARM/PACK/Keil/STM32F4xx_DFP/2.17.1/Drivers/CMSIS/Device/ST/STM32F4xx/Include

<h2>Collection of Component Files used:</h2>

   * Component: ARM::CMSIS:CORE@6.1.0
Build Time Elapsed:  00:00:05
</pre>
</body>
</html>
